<html>
<body>
<pre>
<h1>µVision Build Log</h1>
<h2>Tool Versions:</h2>
IDE-Version: µVision V5.40.0.0
Copyright (C) 2024 ARM Ltd and ARM Germany GmbH. All rights reserved.
License Information: Gia Nghi Luu, Dai Hoc Quoc Te Mien Dong, LIC=----
 
Tool Versions:
Toolchain:       MDK-Lite  Version: 5.40.0.3
Toolchain Path:  C:\Users\Gia Nghi\AppData\Local\Keil_v5\ARM\ARMCLANG\Bin
C Compiler:      ArmClang.exe V6.22
Assembler:       Armasm.exe V6.22
Linker/Locator:  ArmLink.exe V6.22
Library Manager: ArmAr.exe V6.22
Hex Converter:   FromElf.exe V6.22
CPU DLL:         SARMCM3.DLL V5.40.0.3
Dialog DLL:      DCM.DLL V1.17.5.0
Target DLL:      STLink\ST-LINKIII-KEIL_SWO.dll V3.3.0.0
Dialog DLL:      TCM.DLL V1.56.4.0
 
<h2>Project:</h2>
C:\Users\Gia Nghi\Documents\FABLAB_STM32\basic_STM32L476RGT6\STM32_MIDTERM\MDK-ARM\STM32_MIDTERM.uvprojx
Project File Date:  07/06/2026

<h2>Output:</h2>
*** Using Compiler 'V6.22', folder: 'C:\Users\Gia Nghi\AppData\Local\Keil_v5\ARM\ARMCLANG\Bin'
Build target 'STM32_MIDTERM'
compiling led_rgb.c...
linking...
STM32_MIDTERM\STM32_MIDTERM.axf: Warning: L6439W: Multiply defined Global Symbol button_pressing_callback defined in .text.button_pressing_callback(button.o) rejected in favor of Symbol defined in .text.button_pressing_callback(main.o).
Program Size: Code=12852 RO-data=528 RW-data=32 ZI-data=2040  
Finished: 0 information, 1 warning and 0 error messages.
FromELF: creating hex file...
"STM32_MIDTERM\STM32_MIDTERM.axf" - 0 Error(s), 1 Warning(s).

<h2>Software Packages used:</h2>

Package Vendor: ARM
                https://www.keil.com/pack/ARM.CMSIS.6.1.0.pack
                ARM::CMSIS@6.1.0
                CMSIS (Common Microcontroller Software Interface Standard)
   * Component: CORE Version: 6.1.0

Package Vendor: Keil
                https://www.keil.com/pack/Keil.STM32L4xx_DFP.3.1.0.pack
                Keil::STM32L4xx_DFP@3.1.0
                STMicroelectronics STM32L4 Series Device Support

<h2>Collection of Component include folders:</h2>
  ./RTE/_STM32_MIDTERM
  C:/Users/Gia Nghi/AppData/Local/Arm/Packs/ARM/CMSIS/6.1.0/CMSIS/Core/Include

<h2>Collection of Component Files used:</h2>

   * Component: ARM::CMSIS:CORE@6.1.0
      Include file:  CMSIS/Core/Include/tz_context.h
Build Time Elapsed:  00:00:01
</pre>
</body>
</html>
